Java HotSpot(TM) 64-Bit Server VM (25.131-b11) for linux-amd64 JRE (1.8.0_131-b11), built on Mar 15 2017 01:23:40 by "java_re" with gcc 4.3.0 20080428 (Red Hat 4.3.0-8)
Memory: 4k page, physical 3945176k(323984k free), swap 7812092k(6533024k free)
CommandLine flags: -XX:InitialHeapSize=63122816 -XX:MaxHeapSize=3221225472 -XX:+PrintGC -XX:+PrintGCDateStamps -XX:+PrintGCDetails -XX:+PrintGCTimeStamps -XX:+UseCompressedClassPointers -XX:+UseCompressedOops -XX:+UseParallelGC 
2017-07-07T19:01:54.816-0300: 10,466: [GC (Allocation Failure) [PSYoungGen: 15872K->2529K(18432K)] 15872K->3570K(60928K), 0,0047393 secs] [Times: user=0,01 sys=0,00, real=0,01 secs] 
2017-07-07T19:01:55.694-0300: 11,343: [GC (Allocation Failure) [PSYoungGen: 18401K->2528K(18432K)] 19442K->6411K(60928K), 0,0071033 secs] [Times: user=0,00 sys=0,01, real=0,01 secs] 
2017-07-07T19:02:19.371-0300: 35,020: [GC (Allocation Failure) [PSYoungGen: 18400K->2528K(18432K)] 22283K->8906K(60928K), 0,0106751 secs] [Times: user=0,02 sys=0,00, real=0,01 secs] 
Heap
 PSYoungGen      total 18432K, used 2925K [0x0000000780000000, 0x0000000781480000, 0x00000007c0000000)
  eden space 15872K, 2% used [0x0000000780000000,0x0000000780063590,0x0000000780f80000)
  from space 2560K, 98% used [0x0000000780f80000,0x00000007811f8080,0x0000000781200000)
  to   space 2560K, 0% used [0x0000000781200000,0x0000000781200000,0x0000000781480000)
 ParOldGen       total 42496K, used 6378K [0x0000000700000000, 0x0000000702980000, 0x0000000780000000)
  object space 42496K, 15% used [0x0000000700000000,0x000000070063aa28,0x0000000702980000)
 Metaspace       used 15818K, capacity 15942K, committed 16128K, reserved 1062912K
  class space    used 1963K, capacity 2010K, committed 2048K, reserved 1048576K
